execve("/usr/bin/java"): No such file or directory
